../Core/Src/main.c:93:6:HAL_GPIO_EXTI_Callback	16	static
../Core/Src/main.c:107:6:HAL_TIM_PeriodElapsedCallback	16	static
../Core/Src/main.c:135:5:main	232	static
../Core/Src/main.c:240:6:SystemClock_Config	96	static
../Core/Src/main.c:290:13:MX_TIM1_Init	128	static
../Core/Src/main.c:377:13:MX_TIM2_Init	72	static
../Core/Src/main.c:440:13:MX_USART1_UART_Init	8	static
../Core/Src/main.c:476:13:MX_USART2_UART_Init	8	static
../Core/Src/main.c:511:13:MX_USART3_UART_Init	8	static
../Core/Src/main.c:544:13:MX_DMA_Init	16	static
../Core/Src/main.c:565:13:MX_GPIO_Init	48	static
../Core/Src/main.c:625:6:Error_Handler	4	static,ignoring_inline_asm
