../Core/Src/main.c:105:6:HAL_GPIO_EXTI_Callback	16	static
../Core/Src/main.c:127:5:main	256	static
../Core/Src/main.c:236:6:SystemClock_Config	96	static
../Core/Src/main.c:286:13:MX_CRC_Init	8	static
../Core/Src/main.c:324:13:MX_TIM1_Init	128	static
../Core/Src/main.c:411:13:MX_TIM2_Init	72	static
../Core/Src/main.c:474:13:MX_USART1_UART_Init	8	static
../Core/Src/main.c:510:13:MX_USART2_UART_Init	8	static
../Core/Src/main.c:545:13:MX_USART3_UART_Init	8	static
../Core/Src/main.c:578:13:MX_DMA_Init	16	static
../Core/Src/main.c:599:13:MX_GPIO_Init	48	static
../Core/Src/main.c:659:6:Error_Handler	4	static,ignoring_inline_asm
